// Jest Snapshot v1, https://goo.gl/fbAQLP

exports[`Login should render login form correctly 1`] = `
Object {
  "asFragment": [Function],
  "baseElement": <body>
    <div>
      <div>
        <div
          class="ui center aligned middle aligned grid"
          style="height: 100vh;"
        >
          <div
            class="column"
            style="max-width: 450px;"
          >
            <h2
              class="ui teal center aligned header"
              id="loginHeader"
            >
              Log in to your account
            </h2>
            <form
              class="ui large form"
            >
              <div
                class="ui stacked segment"
              >
                <div
                  class="required field"
                >
                  <div
                    class="ui fluid left icon input"
                  >
                    <input
                      id="userName"
                      placeholder="User Name"
                      required=""
                      type="text"
                      value=""
                    />
                    <i
                      aria-hidden="true"
                      class="user icon"
                    />
                  </div>
                </div>
                <div
                  class="required field"
                >
                  <div
                    class="ui fluid icon input"
                  >
                    <input
                      id="pwd"
                      placeholder="Password"
                      required=""
                      type="password"
                      value=""
                    />
                    <i
                      aria-hidden="true"
                      class="lock icon"
                    />
                  </div>
                </div>
                <button
                  class="ui teal large fluid disabled button"
                  disabled=""
                  id="loginButton"
                  tabindex="-1"
                  type="submit"
                >
                  Login
                </button>
              </div>
            </form>
            <div
              class="ui message"
            >
              New to us? 
              <a
                href="/register"
              >
                Sign Up
              </a>
            </div>
          </div>
        </div>
      </div>
    </div>
  </body>,
  "container": <div>
    <div>
      <div
        class="ui center aligned middle aligned grid"
        style="height: 100vh;"
      >
        <div
          class="column"
          style="max-width: 450px;"
        >
          <h2
            class="ui teal center aligned header"
            id="loginHeader"
          >
            Log in to your account
          </h2>
          <form
            class="ui large form"
          >
            <div
              class="ui stacked segment"
            >
              <div
                class="required field"
              >
                <div
                  class="ui fluid left icon input"
                >
                  <input
                    id="userName"
                    placeholder="User Name"
                    required=""
                    type="text"
                    value=""
                  />
                  <i
                    aria-hidden="true"
                    class="user icon"
                  />
                </div>
              </div>
              <div
                class="required field"
              >
                <div
                  class="ui fluid icon input"
                >
                  <input
                    id="pwd"
                    placeholder="Password"
                    required=""
                    type="password"
                    value=""
                  />
                  <i
                    aria-hidden="true"
                    class="lock icon"
                  />
                </div>
              </div>
              <button
                class="ui teal large fluid disabled button"
                disabled=""
                id="loginButton"
                tabindex="-1"
                type="submit"
              >
                Login
              </button>
            </div>
          </form>
          <div
            class="ui message"
          >
            New to us? 
            <a
              href="/register"
            >
              Sign Up
            </a>
          </div>
        </div>
      </div>
    </div>
  </div>,
  "debug": [Function],
  "findAllByAltText": [Function],
  "findAllByDisplayValue": [Function],
  "findAllByLabelText": [Function],
  "findAllByPlaceholderText": [Function],
  "findAllByRole": [Function],
  "findAllByTestId": [Function],
  "findAllByText": [Function],
  "findAllByTitle": [Function],
  "findByAltText": [Function],
  "findByDisplayValue": [Function],
  "findByLabelText": [Function],
  "findByPlaceholderText": [Function],
  "findByRole": [Function],
  "findByTestId": [Function],
  "findByText": [Function],
  "findByTitle": [Function],
  "getAllByAltText": [Function],
  "getAllByDisplayValue": [Function],
  "getAllByLabelText": [Function],
  "getAllByPlaceholderText": [Function],
  "getAllByRole": [Function],
  "getAllByTestId": [Function],
  "getAllByText": [Function],
  "getAllByTitle": [Function],
  "getByAltText": [Function],
  "getByDisplayValue": [Function],
  "getByLabelText": [Function],
  "getByPlaceholderText": [Function],
  "getByRole": [Function],
  "getByTestId": [Function],
  "getByText": [Function],
  "getByTitle": [Function],
  "queryAllByAltText": [Function],
  "queryAllByDisplayValue": [Function],
  "queryAllByLabelText": [Function],
  "queryAllByPlaceholderText": [Function],
  "queryAllByRole": [Function],
  "queryAllByTestId": [Function],
  "queryAllByText": [Function],
  "queryAllByTitle": [Function],
  "queryByAltText": [Function],
  "queryByDisplayValue": [Function],
  "queryByLabelText": [Function],
  "queryByPlaceholderText": [Function],
  "queryByRole": [Function],
  "queryByTestId": [Function],
  "queryByText": [Function],
  "queryByTitle": [Function],
  "rerender": [Function],
  "unmount": [Function],
}
`;
