// Jest Snapshot v1, https://goo.gl/fbAQLP

exports[`Register should render register form correctly 1`] = `
Object {
  "asFragment": [Function],
  "baseElement": <body>
    <div>
      <div>
        <div
          class="ui center aligned middle aligned grid"
          style="height: 100vh;"
        >
          <div
            class="column"
            style="max-width: 450px;"
          >
            <h2
              class="ui teal center aligned header"
            >
              Sign Up
            </h2>
            <form
              class="ui large form"
            >
              <div
                class="ui stacked segment"
              >
                <div
                  class="required field userName"
                >
                  <div
                    class="ui fluid left icon input"
                  >
                    <input
                      placeholder="Username (between 3 and 255 characters)"
                      required=""
                      type="text"
                      value=""
                    />
                    <i
                      aria-hidden="true"
                      class="user icon"
                    />
                  </div>
                </div>
                <div
                  class="required field pwd"
                >
                  <div
                    class="ui fluid left icon input"
                  >
                    <input
                      placeholder="Password (between 3 and 255 characters)"
                      required=""
                      type="password"
                      value=""
                    />
                    <i
                      aria-hidden="true"
                      class="lock icon"
                    />
                  </div>
                </div>
                <div
                  class="required field pwdConfirm"
                >
                  <div
                    class="ui fluid input"
                  >
                    <input
                      placeholder="Confirm Your Password"
                      required=""
                      type="password"
                      value=""
                    />
                  </div>
                </div>
                <div
                  class="ui label"
                >
                  Upload Your Head Portrait
                </div>
                <div
                  class="field"
                >
                  <div
                    class="ui input"
                  >
                    <input
                      type="file"
                    />
                  </div>
                </div>
                <button
                  class="ui teal large fluid disabled button"
                  disabled=""
                  tabindex="-1"
                >
                  Sign Up
                </button>
              </div>
            </form>
            <div
              class="ui message"
            >
              Already have an account? 
              <a
                href="/login"
              >
                Back to login
              </a>
            </div>
          </div>
        </div>
      </div>
    </div>
  </body>,
  "container": <div>
    <div>
      <div
        class="ui center aligned middle aligned grid"
        style="height: 100vh;"
      >
        <div
          class="column"
          style="max-width: 450px;"
        >
          <h2
            class="ui teal center aligned header"
          >
            Sign Up
          </h2>
          <form
            class="ui large form"
          >
            <div
              class="ui stacked segment"
            >
              <div
                class="required field userName"
              >
                <div
                  class="ui fluid left icon input"
                >
                  <input
                    placeholder="Username (between 3 and 255 characters)"
                    required=""
                    type="text"
                    value=""
                  />
                  <i
                    aria-hidden="true"
                    class="user icon"
                  />
                </div>
              </div>
              <div
                class="required field pwd"
              >
                <div
                  class="ui fluid left icon input"
                >
                  <input
                    placeholder="Password (between 3 and 255 characters)"
                    required=""
                    type="password"
                    value=""
                  />
                  <i
                    aria-hidden="true"
                    class="lock icon"
                  />
                </div>
              </div>
              <div
                class="required field pwdConfirm"
              >
                <div
                  class="ui fluid input"
                >
                  <input
                    placeholder="Confirm Your Password"
                    required=""
                    type="password"
                    value=""
                  />
                </div>
              </div>
              <div
                class="ui label"
              >
                Upload Your Head Portrait
              </div>
              <div
                class="field"
              >
                <div
                  class="ui input"
                >
                  <input
                    type="file"
                  />
                </div>
              </div>
              <button
                class="ui teal large fluid disabled button"
                disabled=""
                tabindex="-1"
              >
                Sign Up
              </button>
            </div>
          </form>
          <div
            class="ui message"
          >
            Already have an account? 
            <a
              href="/login"
            >
              Back to login
            </a>
          </div>
        </div>
      </div>
    </div>
  </div>,
  "debug": [Function],
  "findAllByAltText": [Function],
  "findAllByDisplayValue": [Function],
  "findAllByLabelText": [Function],
  "findAllByPlaceholderText": [Function],
  "findAllByRole": [Function],
  "findAllByTestId": [Function],
  "findAllByText": [Function],
  "findAllByTitle": [Function],
  "findByAltText": [Function],
  "findByDisplayValue": [Function],
  "findByLabelText": [Function],
  "findByPlaceholderText": [Function],
  "findByRole": [Function],
  "findByTestId": [Function],
  "findByText": [Function],
  "findByTitle": [Function],
  "getAllByAltText": [Function],
  "getAllByDisplayValue": [Function],
  "getAllByLabelText": [Function],
  "getAllByPlaceholderText": [Function],
  "getAllByRole": [Function],
  "getAllByTestId": [Function],
  "getAllByText": [Function],
  "getAllByTitle": [Function],
  "getByAltText": [Function],
  "getByDisplayValue": [Function],
  "getByLabelText": [Function],
  "getByPlaceholderText": [Function],
  "getByRole": [Function],
  "getByTestId": [Function],
  "getByText": [Function],
  "getByTitle": [Function],
  "queryAllByAltText": [Function],
  "queryAllByDisplayValue": [Function],
  "queryAllByLabelText": [Function],
  "queryAllByPlaceholderText": [Function],
  "queryAllByRole": [Function],
  "queryAllByTestId": [Function],
  "queryAllByText": [Function],
  "queryAllByTitle": [Function],
  "queryByAltText": [Function],
  "queryByDisplayValue": [Function],
  "queryByLabelText": [Function],
  "queryByPlaceholderText": [Function],
  "queryByRole": [Function],
  "queryByTestId": [Function],
  "queryByText": [Function],
  "queryByTitle": [Function],
  "rerender": [Function],
  "unmount": [Function],
}
`;
